抓取 MyCareersFuture…
  拿到 1979 条
抓取公司 ATS…
  [OK] GovTech Singapore (greenhouse)
  [OK] Grab (smartrecruiters)
  [OK] Ninja Van (lever)
  [OK] ByteDance / TikTok (smartrecruiters)
  [OK] SHEIN (greenhouse)
  [OK] Stripe (greenhouse)
  [OK] Nium (lever)
  [OK] Xendit (greenhouse)
  [OK] Thoughtworks (greenhouse)
  [OK] GitLab (greenhouse)
  [OK] Micron (workday)
  [OK] GlobalFoundries (workday)
  [OK] AMD (phenom)
  [OK] Keysight (phenom)
  [OK] Western Digital (smartrecruiters)
  [OK] Coinbase (greenhouse)
  [OK] OKX (greenhouse)
  [OK] Crypto.com (lever)
  [OK] Cloudflare (greenhouse)
  [OK] Datadog (greenhouse)
  [OK] Twilio (greenhouse)
  [OK] Okta (greenhouse)
  [OK] Palantir (lever)
  [OK] Motional (greenhouse)
  [OK] NVIDIA (workday)
  [OK] Salesforce (workday)
  [OK] Adobe (workday)
  [OK] PayPal (workday)
  [OK] Mastercard (workday)
  [OK] Intel (workday)
  [OK] HP (workday)
  [OK] Dyson (workday)
  [OK] SAP (successfactors)
  [OK] Infineon (successfactors)
  [OK] Continental / Aumovio (smartrecruiters)
  [OK] Carl Zeiss (lever)
  拿到 6230 条
丢弃过期职位 1 条(发布超过 365 天)

过滤后 1306 / 8209 条符合关键词+地点

(隐藏 1 条 政府与公共部门 岗位,仍入库)

★ 新职位 73 条
  · Cloud Engineer/Platform infrastructure Engineer — RAPSYS TECHNOLOGIES PTE. LTD.
  · [T02] Cloud Engineer [Open to fresh entry level] — TALENTSIS PTE. LTD.
  · DevOps Engineer — SEA CONSORTIUM PRIVATE LIMITED
  · DevOps Engineer — ONEBYZERO PTE. LTD.
  · Junior DevOps Engineer — FLINTEX CONSULTING PTE. LTD.
  · Production Support / Site Reliability Engineer (Trading Plat — NICOLL CURTIN TECHNOLOGY PTE. 
  · Platform Engineer — ZENTACT SYSTEMS PTE. LTD.
  · Platform Engineer - Ceph Storage Specialist (Public Sector) — WEBSPARKS PTE. LTD.
  · Innovation Sandbox Platform Engineer (Cloud & Enablement) — EXCELTECH COMPUTERS PTE. LTD.
  · Infrastructure Engineer — HI5 CONSULTING SOLUTIONS PTE. 
  · Infrastructure Engineer — HI5 CONSULTING SOLUTIONS PTE. 
  · Infrastructure Engineer — HI5 CONSULTING SOLUTIONS PTE. 
  · ICT Infrastructure Engineer - #1683 — JOBSTER PRIVATE LTD.
  · IT Support Infrastructure Engineer - Permanent — GMP TECHNOLOGIES (S) PTE LTD
  · AI ENGINEER — LESUS ENGINEERING PTE. LTD.
  …另有 58 条

报告已生成: /home/runner/work/jobwatch_IT_singapor/jobwatch_IT_singapor/digest.html
